127.0.0.1 - - [11/Jun/2024:09:38:34 +0900] "GET / HTTP/1.1" 404 807
127.0.0.1 - - [11/Jun/2024:09:39:05 +0900] "GET / HTTP/1.1" 404 807
0:0:0:0:0:0:0:1 - - [11/Jun/2024:09:40:09 +0900] "GET /pro09/login2.html HTTP/1.1" 404 828
0:0:0:0:0:0:0:1 - - [11/Jun/2024:09:40:16 +0900] "GET /pro10/login2.html HTTP/1.1" 200 405
0:0:0:0:0:0:0:1 - - [11/Jun/2024:09:40:21 +0900] "POST /pro10/login2 HTTP/1.1" 200 178
0:0:0:0:0:0:0:1 - - [11/Jun/2024:09:40:55 +0900] "POST /pro10/login2 HTTP/1.1" 200 178
0:0:0:0:0:0:0:1 - - [11/Jun/2024:09:40:59 +0900] "POST /pro10/login2 HTTP/1.1" 200 178
127.0.0.1 - - [11/Jun/2024:09:41:09 +0900] "GET / HTTP/1.1" 404 807
0:0:0:0:0:0:0:1 - - [11/Jun/2024:09:41:09 +0900] "GET /pro10/logout?user_id=null HTTP/1.1" 500 1237
0:0:0:0:0:0:0:1 - - [11/Jun/2024:09:41:13 +0900] "POST /pro10/login2 HTTP/1.1" 200 178
0:0:0:0:0:0:0:1 - - [11/Jun/2024:09:41:16 +0900] "GET /pro10/logout?user_id=null HTTP/1.1" 200 31
0:0:0:0:0:0:0:1 - - [11/Jun/2024:09:41:24 +0900] "GET /pro10/login2.html HTTP/1.1" 200 403
0:0:0:0:0:0:0:1 - - [11/Jun/2024:09:41:30 +0900] "POST /pro10/login2 HTTP/1.1" 200 188
0:0:0:0:0:0:0:1 - - [11/Jun/2024:09:41:33 +0900] "GET /pro10/logout?user_id=hong HTTP/1.1" 200 31
0:0:0:0:0:0:0:1 - - [11/Jun/2024:09:41:48 +0900] "POST /pro10/login2 HTTP/1.1" 200 185
0:0:0:0:0:0:0:1 - - [11/Jun/2024:09:41:56 +0900] "POST /pro10/login2 HTTP/1.1" 200 187
0:0:0:0:0:0:0:1 - - [11/Jun/2024:09:42:21 +0900] "GET /pro10/login2.html HTTP/1.1" 304 -
0:0:0:0:0:0:0:1 - - [11/Jun/2024:09:42:27 +0900] "POST /pro10/login2 HTTP/1.1" 200 185
0:0:0:0:0:0:0:1 - - [11/Jun/2024:09:43:01 +0900] "GET /pro10/logout?user_id=lee HTTP/1.1" 200 31
0:0:0:0:0:0:0:1 - - [11/Jun/2024:09:43:07 +0900] "GET /pro10/logout?user_id=hong HTTP/1.1" 200 31
0:0:0:0:0:0:0:1 - - [11/Jun/2024:09:43:10 +0900] "POST /pro10/login2 HTTP/1.1" 200 197
0:0:0:0:0:0:0:1 - - [11/Jun/2024:09:43:14 +0900] "GET /pro10/logout?user_id=null HTTP/1.1" 200 31
0:0:0:0:0:0:0:1 - - [11/Jun/2024:09:43:19 +0900] "GET /pro10/logout?user_id=hong HTTP/1.1" 200 31
0:0:0:0:0:0:0:1 - - [11/Jun/2024:09:43:21 +0900] "GET /pro10/logout?user_id=hong HTTP/1.1" 200 31
0:0:0:0:0:0:0:1 - - [11/Jun/2024:09:43:23 +0900] "POST /pro10/login2 HTTP/1.1" 200 197
0:0:0:0:0:0:0:1 - - [11/Jun/2024:09:45:59 +0900] "GET /pro10/login2.html HTTP/1.1" 304 -
0:0:0:0:0:0:0:1 - - [11/Jun/2024:09:46:03 +0900] "POST /pro10/login2 HTTP/1.1" 200 195
0:0:0:0:0:0:0:1 - - [11/Jun/2024:09:46:19 +0900] "GET /pro10/login2.html HTTP/1.1" 200 403
0:0:0:0:0:0:0:1 - - [11/Jun/2024:09:46:24 +0900] "POST /pro10/login2 HTTP/1.1" 200 204
0:0:0:0:0:0:0:1 - - [11/Jun/2024:09:46:48 +0900] "POST /pro10/login2 HTTP/1.1" 200 204
0:0:0:0:0:0:0:1 - - [11/Jun/2024:09:47:02 +0900] "GET /pro10/login2.html HTTP/1.1" 200 403
0:0:0:0:0:0:0:1 - - [11/Jun/2024:09:47:17 +0900] "POST /pro10/login2 HTTP/1.1" 200 216
127.0.0.1 - - [11/Jun/2024:09:47:36 +0900] "GET / HTTP/1.1" 404 807
0:0:0:0:0:0:0:1 - - [11/Jun/2024:09:47:40 +0900] "POST /pro10/login2 HTTP/1.1" 200 178
0:0:0:0:0:0:0:1 - - [11/Jun/2024:09:47:44 +0900] "POST /pro10/login2 HTTP/1.1" 200 185
0:0:0:0:0:0:0:1 - - [11/Jun/2024:09:47:57 +0900] "GET /pro09/sess HTTP/1.1" 404 821
0:0:0:0:0:0:0:1 - - [11/Jun/2024:09:48:01 +0900] "GET /pro10/login2.html HTTP/1.1" 200 403
0:0:0:0:0:0:0:1 - - [11/Jun/2024:09:48:08 +0900] "POST /pro10/login2 HTTP/1.1" 200 194
0:0:0:0:0:0:0:1 - - [11/Jun/2024:09:59:04 +0900] "POST /pro10/login2 HTTP/1.1" 500 1764
127.0.0.1 - - [11/Jun/2024:09:59:41 +0900] "GET / HTTP/1.1" 404 807
0:0:0:0:0:0:0:1 - - [11/Jun/2024:09:59:43 +0900] "GET /pro10/login2.html HTTP/1.1" 304 -
0:0:0:0:0:0:0:1 - - [11/Jun/2024:09:59:46 +0900] "POST /pro10/login2 HTTP/1.1" 500 1185
0:0:0:0:0:0:0:1 - - [11/Jun/2024:09:59:54 +0900] "POST /pro10/login2 HTTP/1.1" 500 1185
127.0.0.1 - - [11/Jun/2024:10:00:38 +0900] "GET / HTTP/1.1" 404 807
0:0:0:0:0:0:0:1 - - [11/Jun/2024:10:00:41 +0900] "GET /pro10/login2.html HTTP/1.1" 304 -
0:0:0:0:0:0:0:1 - - [11/Jun/2024:10:00:45 +0900] "POST /pro10/login2 HTTP/1.1" 500 1185
127.0.0.1 - - [11/Jun/2024:10:01:51 +0900] "GET / HTTP/1.1" 404 807
0:0:0:0:0:0:0:1 - - [11/Jun/2024:10:01:53 +0900] "POST /pro10/login2 HTTP/1.1" 200 270
127.0.0.1 - - [11/Jun/2024:10:02:34 +0900] "GET / HTTP/1.1" 404 807
0:0:0:0:0:0:0:1 - - [11/Jun/2024:10:02:40 +0900] "POST /pro10/login2 HTTP/1.1" 200 290
127.0.0.1 - - [11/Jun/2024:10:03:29 +0900] "GET / HTTP/1.1" 404 807
127.0.0.1 - - [11/Jun/2024:10:05:02 +0900] "GET / HTTP/1.1" 404 807
0:0:0:0:0:0:0:1 - - [11/Jun/2024:10:05:03 +0900] "GET /pro10/login2.html HTTP/1.1" 304 -
0:0:0:0:0:0:0:1 - - [11/Jun/2024:10:05:08 +0900] "POST /pro10/login2 HTTP/1.1" 200 175
0:0:0:0:0:0:0:1 - - [11/Jun/2024:10:05:28 +0900] "GET /pro10/login2.html HTTP/1.1" 200 403
0:0:0:0:0:0:0:1 - - [11/Jun/2024:10:05:37 +0900] "POST /pro10/login2 HTTP/1.1" 200 184
0:0:0:0:0:0:0:1 - - [11/Jun/2024:10:06:15 +0900] "POST /pro10/login2 HTTP/1.1" 200 175
127.0.0.1 - - [11/Jun/2024:10:06:24 +0900] "GET / HTTP/1.1" 404 807
127.0.0.1 - - [11/Jun/2024:10:06:36 +0900] "GET / HTTP/1.1" 404 807
0:0:0:0:0:0:0:1 - - [11/Jun/2024:10:06:40 +0900] "POST /pro10/login2 HTTP/1.1" 200 175
0:0:0:0:0:0:0:1 - - [11/Jun/2024:10:06:45 +0900] "GET /pro10/logout?user_id=kim HTTP/1.1" 200 31
0:0:0:0:0:0:0:1 - - [11/Jun/2024:10:06:53 +0900] "POST /pro10/login2 HTTP/1.1" 200 175
0:0:0:0:0:0:0:1 - - [11/Jun/2024:10:07:19 +0900] "POST /pro10/login2 HTTP/1.1" 200 175
0:0:0:0:0:0:0:1 - - [11/Jun/2024:10:07:45 +0900] "GET /pro10/login2.html HTTP/1.1" 200 403
0:0:0:0:0:0:0:1 - - [11/Jun/2024:10:07:53 +0900] "POST /pro10/login2 HTTP/1.1" 200 184
0:0:0:0:0:0:0:1 - - [11/Jun/2024:10:08:26 +0900] "GET /pro10/login2.html HTTP/1.1" 200 403
0:0:0:0:0:0:0:1 - - [11/Jun/2024:10:08:32 +0900] "POST /pro10/login2 HTTP/1.1" 200 193
127.0.0.1 - - [11/Jun/2024:10:09:16 +0900] "GET / HTTP/1.1" 404 807
0:0:0:0:0:0:0:1 - - [11/Jun/2024:10:09:27 +0900] "GET /pro10/login2.html HTTP/1.1" 200 403
0:0:0:0:0:0:0:1 - - [11/Jun/2024:10:09:31 +0900] "POST /pro10/login2 HTTP/1.1" 200 175
0:0:0:0:0:0:0:1 - - [11/Jun/2024:10:09:45 +0900] "GET /pro10/login2.html HTTP/1.1" 304 -
0:0:0:0:0:0:0:1 - - [11/Jun/2024:10:09:49 +0900] "POST /pro10/login2 HTTP/1.1" 200 184
127.0.0.1 - - [11/Jun/2024:10:11:14 +0900] "GET / HTTP/1.1" 404 807
0:0:0:0:0:0:0:1 - - [11/Jun/2024:10:11:16 +0900] "GET /pro10/logout?user_id=kim HTTP/1.1" 500 1237
0:0:0:0:0:0:0:1 - - [11/Jun/2024:10:11:21 +0900] "GET /pro09/popupTest.html HTTP/1.1" 404 831
0:0:0:0:0:0:0:1 - - [11/Jun/2024:10:11:32 +0900] "POST /pro10/login2 HTTP/1.1" 200 175
0:0:0:0:0:0:0:1 - - [11/Jun/2024:10:11:41 +0900] "GET /pro10/login2.html HTTP/1.1" 200 403
0:0:0:0:0:0:0:1 - - [11/Jun/2024:10:12:18 +0900] "POST /pro10/login2 HTTP/1.1" 200 184
127.0.0.1 - - [11/Jun/2024:10:16:25 +0900] "GET / HTTP/1.1" 404 807
0:0:0:0:0:0:0:1 - - [11/Jun/2024:10:16:28 +0900] "GET /pro10/login2.html HTTP/1.1" 304 -
0:0:0:0:0:0:0:1 - - [11/Jun/2024:10:16:34 +0900] "POST /pro10/login2 HTTP/1.1" 200 175
0:0:0:0:0:0:0:1 - - [11/Jun/2024:10:16:51 +0900] "GET /pro10/login2.html HTTP/1.1" 304 -
0:0:0:0:0:0:0:1 - - [11/Jun/2024:10:16:55 +0900] "POST /pro10/login2 HTTP/1.1" 200 282
127.0.0.1 - - [11/Jun/2024:10:19:49 +0900] "GET / HTTP/1.1" 404 807
0:0:0:0:0:0:0:1 - - [11/Jun/2024:10:19:57 +0900] "POST /pro10/login2 HTTP/1.1" 200 175
0:0:0:0:0:0:0:1 - - [11/Jun/2024:10:20:15 +0900] "POST /pro10/login2 HTTP/1.1" 200 123
0:0:0:0:0:0:0:1 - - [11/Jun/2024:10:20:20 +0900] "POST /pro10/login2 HTTP/1.1" 200 184
127.0.0.1 - - [11/Jun/2024:10:21:03 +0900] "GET / HTTP/1.1" 404 807
0:0:0:0:0:0:0:1 - - [11/Jun/2024:10:21:08 +0900] "POST /pro10/login2 HTTP/1.1" 500 14
127.0.0.1 - - [11/Jun/2024:10:23:11 +0900] "GET / HTTP/1.1" 404 807
0:0:0:0:0:0:0:1 - - [11/Jun/2024:10:23:27 +0900] "GET /pro10/login2.html HTTP/1.1" 304 -
0:0:0:0:0:0:0:1 - - [11/Jun/2024:10:23:32 +0900] "POST /pro10/login2 HTTP/1.1" 500 14
127.0.0.1 - - [11/Jun/2024:10:24:41 +0900] "GET / HTTP/1.1" 404 807
0:0:0:0:0:0:0:1 - - [11/Jun/2024:10:24:46 +0900] "POST /pro10/login2 HTTP/1.1" 200 178
0:0:0:0:0:0:0:1 - - [11/Jun/2024:10:24:53 +0900] "GET /pro10/login2.html HTTP/1.1" 304 -
0:0:0:0:0:0:0:1 - - [11/Jun/2024:10:24:58 +0900] "POST /pro10/login2 HTTP/1.1" 200 123
0:0:0:0:0:0:0:1 - - [11/Jun/2024:10:25:03 +0900] "POST /pro10/login2 HTTP/1.1" 200 176
127.0.0.1 - - [11/Jun/2024:10:35:30 +0900] "GET / HTTP/1.1" 404 807
0:0:0:0:0:0:0:1 - - [11/Jun/2024:10:35:54 +0900] "GET /pro14/elTest1.jsp HTTP/1.1" 200 302
0:0:0:0:0:0:0:1 - - [11/Jun/2024:10:36:37 +0900] "GET /pro14/elTest1.jsp HTTP/1.1" 200 321
0:0:0:0:0:0:0:1 - - [11/Jun/2024:10:50:13 +0900] "GET /pro14/elTest2.jsp HTTP/1.1" 200 321
127.0.0.1 - - [11/Jun/2024:10:50:42 +0900] "GET / HTTP/1.1" 404 807
127.0.0.1 - - [11/Jun/2024:10:50:59 +0900] "GET / HTTP/1.1" 404 807
0:0:0:0:0:0:0:1 - - [11/Jun/2024:10:51:03 +0900] "GET /pro14/elTest2.jsp HTTP/1.1" 200 321
0:0:0:0:0:0:0:1 - - [11/Jun/2024:10:51:07 +0900] "GET /pro14/elTest2.jsp HTTP/1.1" 200 321
0:0:0:0:0:0:0:1 - - [11/Jun/2024:11:36:52 +0900] "GET /pro10/login2.html HTTP/1.1" 404 828
0:0:0:0:0:0:0:1 - - [11/Jun/2024:11:37:02 +0900] "GET /pro14/elTest5.jsp HTTP/1.1" 200 435
0:0:0:0:0:0:0:1 - - [11/Jun/2024:13:38:36 +0900] "GET /pro10/login2.html HTTP/1.1" 404 828
0:0:0:0:0:0:0:1 - - [11/Jun/2024:13:38:48 +0900] "GET /pro14/test01/memberForm.jsp HTTP/1.1" 404 817
127.0.0.1 - - [11/Jun/2024:13:39:19 +0900] "GET / HTTP/1.1" 404 807
0:0:0:0:0:0:0:1 - - [11/Jun/2024:13:39:24 +0900] "GET /pro14/test01/memberForm.jsp HTTP/1.1" 200 494
0:0:0:0:0:0:0:1 - - [11/Jun/2024:13:39:24 +0900] "GET /pro14/test01/memberForm.jsp HTTP/1.1" 200 494
0:0:0:0:0:0:0:1 - - [11/Jun/2024:13:40:59 +0900] "POST /pro14/test01/member1.jsp HTTP/1.1" 200 643
127.0.0.1 - - [11/Jun/2024:13:42:35 +0900] "GET / HTTP/1.1" 404 807
0:0:0:0:0:0:0:1 - - [11/Jun/2024:13:42:38 +0900] "POST /pro14/test01/member1.jsp HTTP/1.1" 200 643
0:0:0:0:0:0:0:1 - - [11/Jun/2024:13:42:44 +0900] "POST /pro14/test01/member1.jsp HTTP/1.1" 200 643
0:0:0:0:0:0:0:1 - - [11/Jun/2024:13:44:50 +0900] "POST /pro14/test01/member1.jsp HTTP/1.1" 200 615
0:0:0:0:0:0:0:1 - - [11/Jun/2024:13:44:57 +0900] "POST /pro14/test01/member1.jsp HTTP/1.1" 200 651
127.0.0.1 - - [11/Jun/2024:13:46:48 +0900] "GET / HTTP/1.1" 404 807
0:0:0:0:0:0:0:1 - - [11/Jun/2024:13:46:49 +0900] "GET /pro14/test01/member1.jsp HTTP/1.1" 200 583
0:0:0:0:0:0:0:1 - - [11/Jun/2024:13:46:49 +0900] "GET /pro14/test01/member1.jsp HTTP/1.1" 200 583
0:0:0:0:0:0:0:1 - - [11/Jun/2024:13:46:52 +0900] "POST /pro14/test01/member1.jsp HTTP/1.1" 200 655
0:0:0:0:0:0:0:1 - - [11/Jun/2024:13:46:58 +0900] "POST /pro14/test01/member1.jsp HTTP/1.1" 200 647
127.0.0.1 - - [11/Jun/2024:13:47:24 +0900] "GET / HTTP/1.1" 404 807
0:0:0:0:0:0:0:1 - - [11/Jun/2024:13:47:28 +0900] "POST /pro14/test01/member1.jsp HTTP/1.1" 200 797
0:0:0:0:0:0:0:1 - - [11/Jun/2024:13:47:33 +0900] "POST /pro14/test01/member1.jsp HTTP/1.1" 200 801
127.0.0.1 - - [11/Jun/2024:13:48:11 +0900] "GET / HTTP/1.1" 404 807
0:0:0:0:0:0:0:1 - - [11/Jun/2024:13:48:18 +0900] "POST /pro14/test01/member1.jsp HTTP/1.1" 200 801
127.0.0.1 - - [11/Jun/2024:13:51:02 +0900] "GET / HTTP/1.1" 404 807
0:0:0:0:0:0:0:1 - - [11/Jun/2024:13:51:08 +0900] "POST /pro14/test01/member1.jsp HTTP/1.1" 200 809
127.0.0.1 - - [11/Jun/2024:13:51:40 +0900] "GET / HTTP/1.1" 404 807
0:0:0:0:0:0:0:1 - - [11/Jun/2024:13:51:43 +0900] "POST /pro14/test01/member1.jsp HTTP/1.1" 200 809
0:0:0:0:0:0:0:1 - - [11/Jun/2024:13:52:41 +0900] "POST /pro14/test01/member1.jsp HTTP/1.1" 200 825
0:0:0:0:0:0:0:1 - - [11/Jun/2024:13:52:54 +0900] "POST /pro14/test01/member1.jsp HTTP/1.1" 200 825
127.0.0.1 - - [11/Jun/2024:13:54:15 +0900] "GET / HTTP/1.1" 404 807
0:0:0:0:0:0:0:1 - - [11/Jun/2024:13:54:16 +0900] "POST /pro14/test01/member1.jsp HTTP/1.1" 200 838
0:0:0:0:0:0:0:1 - - [11/Jun/2024:13:54:16 +0900] "POST /pro14/test01/member1.jsp HTTP/1.1" 200 838
0:0:0:0:0:0:0:1 - - [11/Jun/2024:13:54:20 +0900] "POST /pro14/test01/member1.jsp HTTP/1.1" 200 838
127.0.0.1 - - [11/Jun/2024:13:55:21 +0900] "GET / HTTP/1.1" 404 807
0:0:0:0:0:0:0:1 - - [11/Jun/2024:13:55:32 +0900] "POST /pro14/test01/member1.jsp HTTP/1.1" 200 838
127.0.0.1 - - [11/Jun/2024:13:55:42 +0900] "GET / HTTP/1.1" 404 807
0:0:0:0:0:0:0:1 - - [11/Jun/2024:15:04:45 +0900] "GET /pro10/login2.html HTTP/1.1" 404 828
0:0:0:0:0:0:0:1 - - [11/Jun/2024:15:04:59 +0900] "GET /pro14/test01/member1.jsp HTTP/1.1" 200 754
0:0:0:0:0:0:0:1 - - [11/Jun/2024:15:05:08 +0900] "GET /pro14/test01/login.jsp HTTP/1.1" 404 812
0:0:0:0:0:0:0:1 - - [11/Jun/2024:15:05:30 +0900] "GET /pro14/test01/memberForm.jsp HTTP/1.1" 200 590
0:0:0:0:0:0:0:1 - - [11/Jun/2024:15:05:41 +0900] "POST /pro14/test01/member1.jsp HTTP/1.1" 200 792
127.0.0.1 - - [11/Jun/2024:15:47:35 +0900] "GET / HTTP/1.1" 404 807
0:0:0:0:0:0:0:1 - - [11/Jun/2024:15:48:33 +0900] "GET /pro14/test01/memberFrom.jsp HTTP/1.1" 404 817
127.0.0.1 - - [11/Jun/2024:15:48:42 +0900] "GET / HTTP/1.1" 404 807
0:0:0:0:0:0:0:1 - - [11/Jun/2024:15:49:02 +0900] "GET /pro14/test01/memberForm.jsp HTTP/1.1" 200 590
0:0:0:0:0:0:0:1 - - [11/Jun/2024:15:49:20 +0900] "POST /pro14/test01/member5.jsp HTTP/1.1" 404 814
0:0:0:0:0:0:0:1 - - [11/Jun/2024:15:49:40 +0900] "GET /pro14/member5.jsp HTTP/1.1" 200 915
0:0:0:0:0:0:0:1 - - [11/Jun/2024:15:51:54 +0900] "GET /pro14/memberForm.jsp HTTP/1.1" 200 590
0:0:0:0:0:0:0:1 - - [11/Jun/2024:15:52:00 +0900] "POST /pro14/member5.jsp HTTP/1.1" 200 915
0:0:0:0:0:0:0:1 - - [11/Jun/2024:15:52:07 +0900] "POST /pro14/member5.jsp HTTP/1.1" 200 915
0:0:0:0:0:0:0:1 - - [11/Jun/2024:15:53:06 +0900] "POST /pro14/test01/member5.jsp HTTP/1.1" 404 814
127.0.0.1 - - [11/Jun/2024:15:53:16 +0900] "GET / HTTP/1.1" 404 807
0:0:0:0:0:0:0:1 - - [11/Jun/2024:15:53:18 +0900] "GET /pro14/test01/memberForm.jsp HTTP/1.1" 200 590
0:0:0:0:0:0:0:1 - - [11/Jun/2024:15:53:22 +0900] "POST /pro14/test01/member5.jsp HTTP/1.1" 404 814
0:0:0:0:0:0:0:1 - - [11/Jun/2024:15:53:32 +0900] "GET /pro14/memberForm.jsp HTTP/1.1" 200 590
0:0:0:0:0:0:0:1 - - [11/Jun/2024:15:53:43 +0900] "POST /pro14/member5.jsp HTTP/1.1" 200 915
127.0.0.1 - - [11/Jun/2024:15:55:33 +0900] "GET / HTTP/1.1" 404 807
0:0:0:0:0:0:0:1 - - [11/Jun/2024:15:55:34 +0900] "POST /pro14/member5.jsp HTTP/1.1" 200 966
0:0:0:0:0:0:0:1 - - [11/Jun/2024:16:04:23 +0900] "GET /pro14/memberForm.jsp HTTP/1.1" 200 590
0:0:0:0:0:0:0:1 - - [11/Jun/2024:16:04:33 +0900] "POST /pro14/member6.jsp HTTP/1.1" 200 922
